
> votequest@1.0.0 build
> next build

  Γû▓ Next.js 14.2.33
  - Environments: .env.local

   Creating an optimized production build ...
 Γ£ô Compiled successfully
   Linting and checking validity of types ...
node.exe :  Γ¿» ESLint: Invalid Options: - Unknown 
options: useEslintrc, extensions - 'extensions' has 
been removed.
At line:1 char:1
+ & "C:\Program Files\nodejs/node.exe" 
"C:\Users\USER\AppData\Roaming\n ...
+ ~~~~~~~~~~~~~~~~~~~~~~~~~~~~~~~~~~~~~~~~~~~~~~~~~~~~~
~~~~~~~~~~~~~~~~
    + CategoryInfo          : NotSpecified: ( Γ¿» ESLi 
   nt: In...s been removed.:String) [], RemoteExcepti  
  on
    + FullyQualifiedErrorId : NativeCommandError
 
Failed to compile.

.next/types/app/api/organizations/[id]/subscription/rou
te.ts:2:24
Type error: File 'C:/Users/USER/Documents/Votequest/app
/api/organizations/[id]/subscription/route.ts' is not 
a module.

[0m [90m 1 |[39m [90m// File: C:\Users\USER\Documen
ts\Votequest\app\api\organizations\[id]\subscription\ro
ute.ts[39m[0m
[0m[31m[1m>[22m[39m[90m 2 |[39m 
[36mimport[39m [33m*[39m [36mas[39m entry 
[36mfrom[39m [32m'../../../../../../../app/api/organ
izations/[id]/subscription/route.js'[39m[0m
[0m [90m   |[39m                        
[31m[1m^[22m[39m[0m
[0m [90m 3 |[39m [36mimport[39m type { 
[33mNextRequest[39m } [36mfrom[39m 
[32m'next/server.js'[39m[0m
[0m [90m 4 |[39m[0m
[0m [90m 5 |[39m type [33mTEntry[39m [33m=[39m 
[36mtypeof[39m [36mimport[39m([32m'../../../../../
../../app/api/organizations/[id]/subscription/route.js'
[39m)[0m
Next.js build worker exited with code: 1 and signal: 
null
